[2026-03-18 23:12:50] root: INFO: Starting Flye 2.9.6-b1802
[2026-03-18 23:12:50] root: DEBUG: Cmd: /sciclone/home/pgupta03/programs/Flye/bin/flye --nano-raw data/SRR33939694.fastq --meta --threads 6 --genome-size 49.5Mb --out-dir PATH
[2026-03-18 23:12:50] root: DEBUG: Python version: 3.9.25 (main, Feb 25 2026, 00:00:00) 
[GCC 11.5.0 20240719 (Red Hat 11.5.0-11)]
[2026-03-18 23:13:01] root: INFO: Starting Flye 2.9.6-b1802
[2026-03-18 23:13:01] root: DEBUG: Cmd: /sciclone/home/pgupta03/programs/Flye/bin/flye --nano-raw data/SRR33939694.fastq --meta --threads 6 --genome-size 52.9M --out-dir PATH
[2026-03-18 23:13:01] root: DEBUG: Python version: 3.9.25 (main, Feb 25 2026, 00:00:00) 
[GCC 11.5.0 20240719 (Red Hat 11.5.0-11)]
[2026-03-18 23:13:01] root: INFO: >>>STAGE: configure
[2026-03-18 23:13:01] root: INFO: Configuring run
[2026-03-18 23:13:01] root: INFO: Total read length: 52927180
[2026-03-18 23:13:01] root: INFO: Input genome size: 52900000
[2026-03-18 23:13:01] root: INFO: Estimated coverage: 1
[2026-03-18 23:13:01] root: WARNING: Expected read coverage is 1, the assembly is not guaranteed to be optimal in this setting. Are you sure that the genome size was entered correctly?
[2026-03-18 23:13:01] root: INFO: Reads N50/N90: 505 / 254
[2026-03-18 23:13:01] root: INFO: Minimum overlap set to 1000
[2026-03-18 23:13:01] root: INFO: >>>STAGE: assembly
[2026-03-18 23:13:01] root: INFO: Assembling disjointigs
[2026-03-18 23:13:01] root: DEBUG: -----Begin assembly log------
[2026-03-18 23:13:01] root: DEBUG: Running: flye-modules assemble --reads /sciclone/home/pgupta03/SUPERCOMPUTING/assignments/assignment_06/data/SRR33939694.fastq --out-asm /sciclone/home/pgupta03/SUPERCOMPUTING/assignments/assignment_06/PATH/00-assembly/draft_assembly.fasta --config /sciclone/home/pgupta03/programs/Flye/flye/config/bin_cfg/asm_raw_reads.cfg --log /sciclone/home/pgupta03/SUPERCOMPUTING/assignments/assignment_06/PATH/flye.log --threads 6 --meta --genome-size 52900000 --min-ovlp 1000
[2026-03-18 23:13:01] DEBUG: Build date: Mar 18 2026 15:40:01
[2026-03-18 23:13:01] DEBUG: Total RAM: 156 Gb
[2026-03-18 23:13:01] DEBUG: Available RAM: 150 Gb
[2026-03-18 23:13:01] DEBUG: Total CPUs: 40
[2026-03-18 23:13:01] DEBUG: Loading /sciclone/home/pgupta03/programs/Flye/flye/config/bin_cfg/asm_raw_reads.cfg
[2026-03-18 23:13:01] DEBUG: Loading /sciclone/home/pgupta03/programs/Flye/flye/config/bin_cfg/asm_defaults.cfg
[2026-03-18 23:13:01] DEBUG: 	big_genome_threshold=29000000
[2026-03-18 23:13:01] DEBUG: 	meta_read_filter_kmer_freq=100
[2026-03-18 23:13:01] DEBUG: 	chain_large_gap_penalty=2
[2026-03-18 23:13:01] DEBUG: 	chain_small_gap_penalty=0.5
[2026-03-18 23:13:01] DEBUG: 	chain_gap_jump_threshold=100
[2026-03-18 23:13:01] DEBUG: 	max_jump_gap=500
[2026-03-18 23:13:01] DEBUG: 	max_coverage_drop_rate=5
[2026-03-18 23:13:01] DEBUG: 	max_extensions_drop_rate=5
[2026-03-18 23:13:01] DEBUG: 	chimera_window=100
[2026-03-18 23:13:01] DEBUG: 	chimera_overhang=1000
[2026-03-18 23:13:01] DEBUG: 	min_reads_in_disjointig=4
[2026-03-18 23:13:01] DEBUG: 	max_inner_reads=10
[2026-03-18 23:13:01] DEBUG: 	max_inner_fraction=0.25
[2026-03-18 23:13:01] DEBUG: 	aggressive_dup_filter=1
[2026-03-18 23:13:01] DEBUG: 	max_separation=500
[2026-03-18 23:13:01] DEBUG: 	unique_edge_length=50000
[2026-03-18 23:13:01] DEBUG: 	min_repeat_res_support=0.51
[2026-03-18 23:13:01] DEBUG: 	out_paths_ratio=5
[2026-03-18 23:13:01] DEBUG: 	graph_cov_drop_rate=5
[2026-03-18 23:13:01] DEBUG: 	coverage_estimate_window=100
[2026-03-18 23:13:01] DEBUG: 	max_bubble_length=50000
[2026-03-18 23:13:01] DEBUG: 	loop_coverage_rate=1.5
[2026-03-18 23:13:01] DEBUG: 	repeat_edge_cov_mult=1.75
[2026-03-18 23:13:01] DEBUG: 	weak_detach_rate=5
[2026-03-18 23:13:01] DEBUG: 	tip_coverage_rate=2
[2026-03-18 23:13:01] DEBUG: 	tip_length_rate=2
[2026-03-18 23:13:01] DEBUG: 	output_gfa_before_rr=1
[2026-03-18 23:13:01] DEBUG: 	remove_alt_edges=0
[2026-03-18 23:13:01] DEBUG: 	low_cutoff_warning=1
[2026-03-18 23:13:01] DEBUG: 	kmer_size=17
[2026-03-18 23:13:01] DEBUG: 	use_minimizers=0
[2026-03-18 23:13:01] DEBUG: 	reads_base_alignment=0
[2026-03-18 23:13:01] DEBUG: 	meta_read_top_kmer_rate=0.40
[2026-03-18 23:13:01] DEBUG: 	maximum_jump=1500
[2026-03-18 23:13:01] DEBUG: 	maximum_overhang=1500
[2026-03-18 23:13:01] DEBUG: 	repeat_kmer_rate=100
[2026-03-18 23:13:01] DEBUG: 	assemble_ovlp_divergence=0.10
[2026-03-18 23:13:01] DEBUG: 	assemble_divergence_relative=1
[2026-03-18 23:13:01] DEBUG: 	repeat_graph_ovlp_divergence=0.08
[2026-03-18 23:13:01] DEBUG: 	read_align_ovlp_divergence=0.25
[2026-03-18 23:13:01] DEBUG: 	hpc_scoring_on=0
[2026-03-18 23:13:01] DEBUG: 	add_unassembled_reads=0
[2026-03-18 23:13:01] DEBUG: 	extend_contigs_with_repeats=0
[2026-03-18 23:13:01] DEBUG: 	min_read_cov_cutoff=3
[2026-03-18 23:13:01] DEBUG: 	short_tip_length=20000
[2026-03-18 23:13:01] DEBUG: 	long_tip_length=100000
[2026-03-18 23:13:01] DEBUG: Running with k-mer size: 17
[2026-03-18 23:13:01] DEBUG: Running with minimum overlap 1000
[2026-03-18 23:13:01] DEBUG: Metagenome mode: Y
[2026-03-18 23:13:01] DEBUG: Short mode: N
[2026-03-18 23:13:01] INFO: Reading sequences
[2026-03-18 23:13:02] DEBUG: Building positional index
[2026-03-18 23:13:02] DEBUG: Total sequence: 8057872 bp
[2026-03-18 23:13:06] INFO: Counting k-mers:
[2026-03-18 23:13:07] DEBUG: Updating k-mer histogram
[2026-03-18 23:14:19] DEBUG: Hash size: 48586
[2026-03-18 23:14:19] DEBUG: Total k-mers 2299706
[2026-03-18 23:14:19] INFO: Filling index table (1/2)
[2026-03-18 23:14:19] DEBUG: Mean k-mer frequency: 42.3837
[2026-03-18 23:14:19] DEBUG: Repetitive k-mer frequency: 4238
[2026-03-18 23:14:19] DEBUG: Filtered 0 repetitive k-mers (0)
[2026-03-18 23:14:19] INFO: Filling index table (2/2)
[2026-03-18 23:14:20] DEBUG: Sorting k-mer index
[2026-03-18 23:14:20] DEBUG: Selected k-mers: 93187
[2026-03-18 23:14:20] DEBUG: Index size: 3274310
[2026-03-18 23:14:20] DEBUG: Mean k-mer index frequency: 35.137
[2026-03-18 23:14:20] DEBUG: Peak RAM usage: 8 Gb
[2026-03-18 23:14:20] DEBUG: Estimating k-mer identity bias
[2026-03-18 23:14:24] DEBUG: Initial divergence estimate : 0.0739291
[2026-03-18 23:14:24] DEBUG: Relative threshold: Y
[2026-03-18 23:14:24] DEBUG: Max divergence threshold set to 0.173929
[2026-03-18 23:14:24] INFO: Extending reads
[2026-03-18 23:14:24] DEBUG: Estimating overlap coverage
[2026-03-18 23:14:51] INFO: Overlap-based coverage: 36
[2026-03-18 23:14:51] INFO: Median overlap divergence: 0.0749665
[2026-03-18 23:14:51] DEBUG: Sequence divergence distribution: 

    |              *                   |                                                                 
    |              **                  |                                                                 
    |             ***                  |                                                                 
    |             ***                  |                                                                 
    |             ***                  |                                                                 
    |             ***                  |                                                                 
    |             ***                  |                                                                 
    |             ****                 |                                                                 
    |             ****                 |                                                                 
    |            *****                 |                                                                 
    |            ******                |                                                                 
    |            ******                |                                                                 
    |           ********               |                                                                 
    |           ********               |                                                                 
    |           *********              |                                                                 
    |          **********              |                                                                 
    |          **********              |                                                                 
    |          **********              |                                                                 
    |        ***************           |                                                                 
    |       ******************** ** ** |* ** *           *                                               
    ----------------------------------------------------------------------------------------------------
    0%        5%        10%       15%       20%       25%       30%       35%       40%       45%       

    Q25 = 0.067, Q50 = 0.075, Q75 = 0.085

[2026-03-18 23:14:51] DEBUG: Assembled disjointig 1
	With 9 reads
	Start read: +SRR33939694.48940/1
	At position: 4
	leftTip: 1 rightTip: 1
	Suspicious: 2
	Short ext: 0
	Mean extensions: 2
	Avg overlap len: 3640
	Min overlap len: 1334
	Inner reads: 0
	Length: 47426
[2026-03-18 23:14:51] DEBUG: Inner: 482 covered: 590 total: 10950
[2026-03-18 23:14:51] DEBUG: Discarded disjointig with 5 reads and 3 inner overlaps
[2026-03-18 23:14:52] DEBUG: Assembled disjointig 2
	With 10 reads
	Start read: +SRR33939694.67237/1
	At position: 1
	leftTip: 1 rightTip: 1
	Suspicious: 1
	Short ext: 0
	Mean extensions: 9
	Avg overlap len: 13322
	Min overlap len: 1999
	Inner reads: 0
	Length: 44145
[2026-03-18 23:14:52] DEBUG: Inner: 6474 covered: 6562 total: 10950
[2026-03-18 23:14:52] DEBUG: Discarded disjointig with 4 reads and 2 inner overlaps
[2026-03-18 23:14:52] DEBUG: Discarded disjointig with 7 reads and 5 inner overlaps
[2026-03-18 23:14:52] DEBUG: Discarded disjointig with 6 reads and 4 inner overlaps
[2026-03-18 23:14:52] DEBUG: Discarded disjointig with 6 reads and 4 inner overlaps
[2026-03-18 23:15:00] INFO: Assembled 2 disjointigs
[2026-03-18 23:15:00] INFO: Generating sequence
[2026-03-18 23:15:00] DEBUG: Building positional index
[2026-03-18 23:15:00] DEBUG: Total sequence: 91497 bp
[2026-03-18 23:15:00] DEBUG: Mean k-mer frequency: 1.00545
[2026-03-18 23:15:00] DEBUG: Repetitive k-mer frequency: 100
[2026-03-18 23:15:00] DEBUG: Filtered 0 repetitive k-mers (0)
[2026-03-18 23:15:00] DEBUG: Sorting k-mer index
[2026-03-18 23:15:00] DEBUG: Selected k-mers: 90966
[2026-03-18 23:15:00] DEBUG: K-mer index size: 91463
[2026-03-18 23:15:00] DEBUG: Mean k-mer frequency: 1.00546
[2026-03-18 23:15:00] DEBUG: Minimizer rate: 1.00037
[2026-03-18 23:15:00] INFO: Filtering contained disjointigs
[2026-03-18 23:15:00] DEBUG: Computing transitive closure for overlaps
[2026-03-18 23:15:00] DEBUG: Found 0 overlaps
[2026-03-18 23:15:00] DEBUG: Left 0 overlaps after filtering
[2026-03-18 23:15:00] INFO: Contained seqs: 0
[2026-03-18 23:15:00] DEBUG: Writing FASTA
[2026-03-18 23:15:00] DEBUG: Peak RAM usage: 8 Gb
-----------End assembly log------------
[2026-03-18 23:15:00] root: DEBUG: Disjointigs length: 91497, N50: 47347
[2026-03-18 23:15:00] root: INFO: >>>STAGE: consensus
[2026-03-18 23:15:00] root: INFO: Running Minimap2
[2026-03-18 23:15:14] root: INFO: Computing consensus
[2026-03-18 23:15:50] root: INFO: Alignment error rate: 0.090268
[2026-03-18 23:15:50] root: INFO: >>>STAGE: repeat
[2026-03-18 23:15:50] root: INFO: Building and resolving repeat graph
[2026-03-18 23:15:50] root: DEBUG: -----Begin repeat analyser log------
[2026-03-18 23:15:50] root: DEBUG: Running: flye-modules repeat --disjointigs /sciclone/home/pgupta03/SUPERCOMPUTING/assignments/assignment_06/PATH/10-consensus/consensus.fasta --reads /sciclone/home/pgupta03/SUPERCOMPUTING/assignments/assignment_06/data/SRR33939694.fastq --out-dir /sciclone/home/pgupta03/SUPERCOMPUTING/assignments/assignment_06/PATH/20-repeat --config /sciclone/home/pgupta03/programs/Flye/flye/config/bin_cfg/asm_raw_reads.cfg --log /sciclone/home/pgupta03/SUPERCOMPUTING/assignments/assignment_06/PATH/flye.log --threads 6 --meta --min-ovlp 1000
[2026-03-18 23:15:50] DEBUG: Build date: Mar 18 2026 15:40:13
[2026-03-18 23:15:50] DEBUG: Total RAM: 156 Gb
[2026-03-18 23:15:50] DEBUG: Available RAM: 150 Gb
[2026-03-18 23:15:50] DEBUG: Total CPUs: 40
[2026-03-18 23:15:50] DEBUG: Loading /sciclone/home/pgupta03/programs/Flye/flye/config/bin_cfg/asm_raw_reads.cfg
[2026-03-18 23:15:50] DEBUG: Loading /sciclone/home/pgupta03/programs/Flye/flye/config/bin_cfg/asm_defaults.cfg
[2026-03-18 23:15:50] DEBUG: 	big_genome_threshold=29000000
[2026-03-18 23:15:50] DEBUG: 	meta_read_filter_kmer_freq=100
[2026-03-18 23:15:50] DEBUG: 	chain_large_gap_penalty=2
[2026-03-18 23:15:50] DEBUG: 	chain_small_gap_penalty=0.5
[2026-03-18 23:15:50] DEBUG: 	chain_gap_jump_threshold=100
[2026-03-18 23:15:50] DEBUG: 	max_jump_gap=500
[2026-03-18 23:15:50] DEBUG: 	max_coverage_drop_rate=5
[2026-03-18 23:15:50] DEBUG: 	max_extensions_drop_rate=5
[2026-03-18 23:15:50] DEBUG: 	chimera_window=100
[2026-03-18 23:15:50] DEBUG: 	chimera_overhang=1000
[2026-03-18 23:15:50] DEBUG: 	min_reads_in_disjointig=4
[2026-03-18 23:15:50] DEBUG: 	max_inner_reads=10
[2026-03-18 23:15:50] DEBUG: 	max_inner_fraction=0.25
[2026-03-18 23:15:50] DEBUG: 	aggressive_dup_filter=1
[2026-03-18 23:15:50] DEBUG: 	max_separation=500
[2026-03-18 23:15:50] DEBUG: 	unique_edge_length=50000
[2026-03-18 23:15:50] DEBUG: 	min_repeat_res_support=0.51
[2026-03-18 23:15:50] DEBUG: 	out_paths_ratio=5
[2026-03-18 23:15:50] DEBUG: 	graph_cov_drop_rate=5
[2026-03-18 23:15:50] DEBUG: 	coverage_estimate_window=100
[2026-03-18 23:15:50] DEBUG: 	max_bubble_length=50000
[2026-03-18 23:15:50] DEBUG: 	loop_coverage_rate=1.5
[2026-03-18 23:15:50] DEBUG: 	repeat_edge_cov_mult=1.75
[2026-03-18 23:15:50] DEBUG: 	weak_detach_rate=5
[2026-03-18 23:15:50] DEBUG: 	tip_coverage_rate=2
[2026-03-18 23:15:50] DEBUG: 	tip_length_rate=2
[2026-03-18 23:15:50] DEBUG: 	output_gfa_before_rr=1
[2026-03-18 23:15:50] DEBUG: 	remove_alt_edges=0
[2026-03-18 23:15:50] DEBUG: 	low_cutoff_warning=1
[2026-03-18 23:15:50] DEBUG: 	kmer_size=17
[2026-03-18 23:15:50] DEBUG: 	use_minimizers=0
[2026-03-18 23:15:50] DEBUG: 	reads_base_alignment=0
[2026-03-18 23:15:50] DEBUG: 	meta_read_top_kmer_rate=0.40
[2026-03-18 23:15:50] DEBUG: 	maximum_jump=1500
[2026-03-18 23:15:50] DEBUG: 	maximum_overhang=1500
[2026-03-18 23:15:50] DEBUG: 	repeat_kmer_rate=100
[2026-03-18 23:15:50] DEBUG: 	assemble_ovlp_divergence=0.10
[2026-03-18 23:15:50] DEBUG: 	assemble_divergence_relative=1
[2026-03-18 23:15:50] DEBUG: 	repeat_graph_ovlp_divergence=0.08
[2026-03-18 23:15:50] DEBUG: 	read_align_ovlp_divergence=0.25
[2026-03-18 23:15:50] DEBUG: 	hpc_scoring_on=0
[2026-03-18 23:15:50] DEBUG: 	add_unassembled_reads=0
[2026-03-18 23:15:50] DEBUG: 	extend_contigs_with_repeats=0
[2026-03-18 23:15:50] DEBUG: 	min_read_cov_cutoff=3
[2026-03-18 23:15:50] DEBUG: 	short_tip_length=20000
[2026-03-18 23:15:50] DEBUG: 	long_tip_length=100000
[2026-03-18 23:15:50] DEBUG: Running with k-mer size: 17
[2026-03-18 23:15:50] DEBUG: Selected minimum overlap 1000
[2026-03-18 23:15:50] DEBUG: Metagenome mode: Y
[2026-03-18 23:15:50] INFO: Parsing disjointigs
[2026-03-18 23:15:50] DEBUG: Building positional index
[2026-03-18 23:15:50] DEBUG: Total sequence: 91704 bp
[2026-03-18 23:15:50] INFO: Building repeat graph
[2026-03-18 23:15:50] DEBUG: Mean k-mer frequency: 1.01137
[2026-03-18 23:15:50] DEBUG: Repetitive k-mer frequency: 101
[2026-03-18 23:15:50] DEBUG: Filtered 0 repetitive k-mers (0)
[2026-03-18 23:15:50] DEBUG: Sorting k-mer index
[2026-03-18 23:15:50] DEBUG: Selected k-mers: 90638
[2026-03-18 23:15:50] DEBUG: K-mer index size: 91670
[2026-03-18 23:15:50] DEBUG: Mean k-mer frequency: 1.01139
[2026-03-18 23:15:50] DEBUG: Minimizer rate: 1.00037
[2026-03-18 23:15:50] DEBUG: Computing transitive closure for overlaps
[2026-03-18 23:15:50] DEBUG: Found 10 overlaps
[2026-03-18 23:15:50] DEBUG: Left 4 overlaps after filtering
[2026-03-18 23:15:50] INFO: Median overlap divergence: 0.0827874
[2026-03-18 23:15:50] DEBUG: Sequence divergence distribution: 

    |                *                                                                                   
    |                *                                                                                   
    |                *                                                                                   
    |                *                                                                                   
    |                *                                                                                   
    |                *                                                                                   
    |                *                                                                                   
    |                *                                                                                   
    |                *                                                                                   
    |                *                                                                                   
    |                *                                                                                   
    |                *                                                                                   
    |                *                                                                                   
    |                *                                                                                   
    |                *                                                                                   
    |                *                                                                                   
    |                *                                                                                   
    |                *                                                                                   
    |                *                                                                                   
    |                *                                                                                   
    ----------------------------------------------------------------------------------------------------
    0%        5%        10%       15%       20%       25%       30%       35%       40%       45%       

    Q25 = 0.083, Q50 = 0.083, Q75 = 0.083

[2026-03-18 23:15:50] DEBUG: Computing gluepoints
[2026-03-18 23:15:50] DEBUG: Added 0 gluepoint projections
[2026-03-18 23:15:50] DEBUG: Created 16 gluepoints
[2026-03-18 23:15:50] DEBUG: Artificial loops removed: 0 left, 0 right, 0 both
[2026-03-18 23:15:50] DEBUG: Initializing edges
[2026-03-18 23:15:50] DEBUG: Edges length checksum: 2744448794
[2026-03-18 23:15:50] DEBUG: Filtered 0 singleton segments
[2026-03-18 23:15:50] DEBUG: Removed 0 simple and 0 double chimeric junctions
[2026-03-18 23:15:50] DEBUG: Collapsed 0 edges
[2026-03-18 23:15:50] DEBUG: *	1	+disjointig_1	0	20896	20896	
[2026-03-18 23:15:50] DEBUG:  	2	+disjointig_1	20896	22059	1163	
[2026-03-18 23:15:50] DEBUG: *	4	+disjointig_1	22059	47419	25360	
[2026-03-18 23:15:50] DEBUG: *	-3	+disjointig_2	0	2428	2428	
[2026-03-18 23:15:50] DEBUG:  	2	+disjointig_2	2428	3588	1160	
[2026-03-18 23:15:50] DEBUG: *	5	+disjointig_2	3588	44283	40695	
[2026-03-18 23:15:50] DEBUG: Total edges: 5
[2026-03-18 23:15:50] INFO: Parsing reads
[2026-03-18 23:15:50] DEBUG: Building positional index
[2026-03-18 23:15:50] DEBUG: Total sequence: 52927180 bp
[2026-03-18 23:15:50] DEBUG: Building positional index
[2026-03-18 23:15:50] DEBUG: Total sequence: 91702 bp
[2026-03-18 23:15:50] INFO: Aligning reads to the graph
[2026-03-18 23:15:50] DEBUG: Mean k-mer frequency: 1.01138
[2026-03-18 23:15:50] DEBUG: Repetitive k-mer frequency: 101
[2026-03-18 23:15:50] DEBUG: Filtered 0 repetitive k-mers (0)
[2026-03-18 23:15:50] DEBUG: Sorting k-mer index
[2026-03-18 23:15:50] DEBUG: Selected k-mers: 90568
[2026-03-18 23:15:50] DEBUG: K-mer index size: 91600
[2026-03-18 23:15:50] DEBUG: Mean k-mer frequency: 1.01139
[2026-03-18 23:15:50] DEBUG: Minimizer rate: 1.00111
[2026-03-18 23:15:51] DEBUG: Total reads : 5475
[2026-03-18 23:15:51] DEBUG: Read with aligned parts : 3489
[2026-03-18 23:15:51] DEBUG: Aligned in one piece : 3489
[2026-03-18 23:15:51] INFO: Aligned read sequence: 5402796 / 8057872 (0.670499)
[2026-03-18 23:15:51] INFO: Median overlap divergence: 0.0244229
[2026-03-18 23:15:51] DEBUG: Sequence divergence distribution: 

    |   **                                             |                                                 
    |   **                                             |                                                 
    |   **                                             |                                                 
    |   **                                             |                                                 
    |   ***                                            |                                                 
    |   ***                                            |                                                 
    |   ***                                            |                                                 
    |   ***                                            |                                                 
    |   ***                                            |                                                 
    |  *****                                           |                                                 
    |  *****                                           |                                                 
    |  *****                                           |                                                 
    |  ******                                          |                                                 
    |  ******                                          |                                                 
    |  *******                                         |                                                 
    |  *******                                         |                                                 
    |  ********                                        |                                                 
    | **********                                       |                                                 
    | ***********                                      |                                                 
    | **************  *                                |                                                 
    ----------------------------------------------------------------------------------------------------
    0%        5%        10%       15%       20%       25%       30%       35%       40%       45%       

    Q25 = 0.018, Q50 = 0.024, Q75 = 0.033

[2026-03-18 23:15:51] INFO: Mean edge coverage: 56
[2026-03-18 23:15:51] DEBUG: 1	len:20896	cov:9	mult:0.160714
[2026-03-18 23:15:51] DEBUG: -1	len:20896	cov:9	mult:0.160714
[2026-03-18 23:15:51] DEBUG: 2	len:1161	cov:79	mult:1.41071
[2026-03-18 23:15:51] DEBUG: -2	len:1161	cov:79	mult:1.41071
[2026-03-18 23:15:51] DEBUG: 3	len:2428	cov:63	mult:1.125
[2026-03-18 23:15:51] DEBUG: -3	len:2428	cov:63	mult:1.125
[2026-03-18 23:15:51] DEBUG: 4	len:25360	cov:11	mult:0.196429
[2026-03-18 23:15:51] DEBUG: -4	len:25360	cov:11	mult:0.196429
[2026-03-18 23:15:51] DEBUG: 5	len:40695	cov:109	mult:1.94643
[2026-03-18 23:15:51] DEBUG: -5	len:40695	cov:109	mult:1.94643
[2026-03-18 23:15:51] DEBUG: Unique coverage threshold 138
[2026-03-18 23:15:51] INFO: Simplifying the graph
[2026-03-18 23:15:51] DEBUG: Read coverage cutoff: 3
[2026-03-18 23:15:51] DEBUG: [SIMPL] Removed 0 paths with low coverage
[2026-03-18 23:15:51] DEBUG: [SIMPL] Masked 0 heterozygous loops
[2026-03-18 23:15:51] DEBUG: [SIMPL] Masked 0 simple bubbles
[2026-03-18 23:15:51] DEBUG: [SIMPL] Masked 0 roundabouts
[2026-03-18 23:15:51] DEBUG: [SIMPL] Masked 0 superbubbles
[2026-03-18 23:15:51] DEBUG: Finding repeats
[2026-03-18 23:15:51] DEBUG: Read coverage cutoff: 3
[2026-03-18 23:15:51] DEBUG: Repeat detection iteration 1
[2026-03-18 23:15:51] DEBUG: Starting -2 aln:74
[2026-03-18 23:15:51] DEBUG: 	    T 3	num:33	flank:2439	span:1
[2026-03-18 23:15:51] DEBUG: 	    T -1	num:8	flank:8072	span:3
[2026-03-18 23:15:51] DEBUG: Mult: 2	1161	79	 (1,0)
[2026-03-18 23:15:51] DEBUG: Repeat detection iteration 2
[2026-03-18 23:15:51] DEBUG: Writing Dot
[2026-03-18 23:15:51] DEBUG: Writing FASTA
[2026-03-18 23:15:51] DEBUG: Writing Gfa
[2026-03-18 23:15:51] DEBUG: 	Connection 1	4	5
[2026-03-18 23:15:51] DEBUG: 	Connection -3	5	11
[2026-03-18 23:15:51] DEBUG: [SIMPL] Resolved 2 simple repeats
[2026-03-18 23:15:51] DEBUG: [SIMPL] == Iteration 1 ==
[2026-03-18 23:15:51] DEBUG: Splitting nodes
[2026-03-18 23:15:51] DEBUG: [SIMPL] Split 0 nodes
[2026-03-18 23:15:51] DEBUG: [SIMPL] Disconnected 0 minor paths
[2026-03-18 23:15:51] DEBUG: [SIMPL] Clipped 0 short and 0 long tips
[2026-03-18 23:15:51] DEBUG: [SIMPL] Masked 0 heterozygous loops
[2026-03-18 23:15:51] DEBUG: [SIMPL] Masked 0 simple bubbles
[2026-03-18 23:15:51] DEBUG: [SIMPL] Masked 0 roundabouts
[2026-03-18 23:15:51] DEBUG: [SIMPL] Masked 0 superbubbles
[2026-03-18 23:15:51] DEBUG: Finding repeats
[2026-03-18 23:15:51] DEBUG: Read coverage cutoff: 3
[2026-03-18 23:15:51] DEBUG: Repeat detection iteration 1
[2026-03-18 23:15:51] DEBUG: Repeat detection iteration 2
[2026-03-18 23:15:51] DEBUG: Total unique edges: 7
[2026-03-18 23:15:51] DEBUG: [SIMPL] Resolved repeats: 0
[2026-03-18 23:15:51] DEBUG: RR links: 0
[2026-03-18 23:15:51] DEBUG: Unresolved: 0
[2026-03-18 23:15:51] DEBUG: Removed 0 simple and 0 double chimeric junctions
[2026-03-18 23:15:51] DEBUG: [SIMPL] Simplified 0 forks
[2026-03-18 23:15:51] DEBUG: [SIMPL] Collapsed 0 haplotypes
[2026-03-18 23:15:51] DEBUG: [SIMPL] Resolved 0 simple repeats
[2026-03-18 23:15:51] DEBUG: Read coverage cutoff: 3
[2026-03-18 23:15:51] DEBUG: [SIMPL] Removed 0 paths with low coverage
[2026-03-18 23:15:51] DEBUG: Finding repeats
[2026-03-18 23:15:51] DEBUG: Read coverage cutoff: 3
[2026-03-18 23:15:51] DEBUG: Repeat detection iteration 1
[2026-03-18 23:15:51] DEBUG: Repeat detection iteration 2
[2026-03-18 23:15:51] DEBUG: Writing Dot
[2026-03-18 23:15:51] DEBUG: Writing FASTA
[2026-03-18 23:15:51] DEBUG: Peak RAM usage: 0 Gb
-----------End assembly log------------
[2026-03-18 23:15:51] root: INFO: >>>STAGE: contigger
[2026-03-18 23:15:51] root: INFO: Generating contigs
[2026-03-18 23:15:51] root: DEBUG: -----Begin contigger analyser log------
[2026-03-18 23:15:51] root: DEBUG: Running: flye-modules contigger --graph-edges /sciclone/home/pgupta03/SUPERCOMPUTING/assignments/assignment_06/PATH/20-repeat/repeat_graph_edges.fasta --reads /sciclone/home/pgupta03/SUPERCOMPUTING/assignments/assignment_06/data/SRR33939694.fastq --out-dir /sciclone/home/pgupta03/SUPERCOMPUTING/assignments/assignment_06/PATH/30-contigger --config /sciclone/home/pgupta03/programs/Flye/flye/config/bin_cfg/asm_raw_reads.cfg --repeat-graph /sciclone/home/pgupta03/SUPERCOMPUTING/assignments/assignment_06/PATH/20-repeat/repeat_graph_dump --graph-aln /sciclone/home/pgupta03/SUPERCOMPUTING/assignments/assignment_06/PATH/20-repeat/read_alignment_dump --log /sciclone/home/pgupta03/SUPERCOMPUTING/assignments/assignment_06/PATH/flye.log --threads 6 --min-ovlp 1000
[2026-03-18 23:15:51] DEBUG: Build date: Mar 18 2026 15:40:25
[2026-03-18 23:15:51] DEBUG: Total RAM: 156 Gb
[2026-03-18 23:15:51] DEBUG: Available RAM: 150 Gb
[2026-03-18 23:15:51] DEBUG: Total CPUs: 40
[2026-03-18 23:15:51] DEBUG: Loading /sciclone/home/pgupta03/programs/Flye/flye/config/bin_cfg/asm_raw_reads.cfg
[2026-03-18 23:15:51] DEBUG: Loading /sciclone/home/pgupta03/programs/Flye/flye/config/bin_cfg/asm_defaults.cfg
[2026-03-18 23:15:51] DEBUG: 	big_genome_threshold=29000000
[2026-03-18 23:15:51] DEBUG: 	meta_read_filter_kmer_freq=100
[2026-03-18 23:15:51] DEBUG: 	chain_large_gap_penalty=2
[2026-03-18 23:15:51] DEBUG: 	chain_small_gap_penalty=0.5
[2026-03-18 23:15:51] DEBUG: 	chain_gap_jump_threshold=100
[2026-03-18 23:15:51] DEBUG: 	max_jump_gap=500
[2026-03-18 23:15:51] DEBUG: 	max_coverage_drop_rate=5
[2026-03-18 23:15:51] DEBUG: 	max_extensions_drop_rate=5
[2026-03-18 23:15:51] DEBUG: 	chimera_window=100
[2026-03-18 23:15:51] DEBUG: 	chimera_overhang=1000
[2026-03-18 23:15:51] DEBUG: 	min_reads_in_disjointig=4
[2026-03-18 23:15:51] DEBUG: 	max_inner_reads=10
[2026-03-18 23:15:51] DEBUG: 	max_inner_fraction=0.25
[2026-03-18 23:15:51] DEBUG: 	aggressive_dup_filter=1
[2026-03-18 23:15:51] DEBUG: 	max_separation=500
[2026-03-18 23:15:51] DEBUG: 	unique_edge_length=50000
[2026-03-18 23:15:51] DEBUG: 	min_repeat_res_support=0.51
[2026-03-18 23:15:51] DEBUG: 	out_paths_ratio=5
[2026-03-18 23:15:51] DEBUG: 	graph_cov_drop_rate=5
[2026-03-18 23:15:51] DEBUG: 	coverage_estimate_window=100
[2026-03-18 23:15:51] DEBUG: 	max_bubble_length=50000
[2026-03-18 23:15:51] DEBUG: 	loop_coverage_rate=1.5
[2026-03-18 23:15:51] DEBUG: 	repeat_edge_cov_mult=1.75
[2026-03-18 23:15:51] DEBUG: 	weak_detach_rate=5
[2026-03-18 23:15:51] DEBUG: 	tip_coverage_rate=2
[2026-03-18 23:15:51] DEBUG: 	tip_length_rate=2
[2026-03-18 23:15:51] DEBUG: 	output_gfa_before_rr=1
[2026-03-18 23:15:51] DEBUG: 	remove_alt_edges=0
[2026-03-18 23:15:51] DEBUG: 	low_cutoff_warning=1
[2026-03-18 23:15:51] DEBUG: 	kmer_size=17
[2026-03-18 23:15:51] DEBUG: 	use_minimizers=0
[2026-03-18 23:15:51] DEBUG: 	reads_base_alignment=0
[2026-03-18 23:15:51] DEBUG: 	meta_read_top_kmer_rate=0.40
[2026-03-18 23:15:51] DEBUG: 	maximum_jump=1500
[2026-03-18 23:15:51] DEBUG: 	maximum_overhang=1500
[2026-03-18 23:15:51] DEBUG: 	repeat_kmer_rate=100
[2026-03-18 23:15:51] DEBUG: 	assemble_ovlp_divergence=0.10
[2026-03-18 23:15:51] DEBUG: 	assemble_divergence_relative=1
[2026-03-18 23:15:51] DEBUG: 	repeat_graph_ovlp_divergence=0.08
[2026-03-18 23:15:51] DEBUG: 	read_align_ovlp_divergence=0.25
[2026-03-18 23:15:51] DEBUG: 	hpc_scoring_on=0
[2026-03-18 23:15:51] DEBUG: 	add_unassembled_reads=0
[2026-03-18 23:15:51] DEBUG: 	extend_contigs_with_repeats=0
[2026-03-18 23:15:51] DEBUG: 	min_read_cov_cutoff=3
[2026-03-18 23:15:51] DEBUG: 	short_tip_length=20000
[2026-03-18 23:15:51] DEBUG: 	long_tip_length=100000
[2026-03-18 23:15:51] DEBUG: Running with k-mer size: 17
[2026-03-18 23:15:51] DEBUG: Selected minimum overlap 1000
[2026-03-18 23:15:51] INFO: Reading sequences
[2026-03-18 23:15:51] DEBUG: Building positional index
[2026-03-18 23:15:51] DEBUG: Total sequence: 52927180 bp
[2026-03-18 23:15:51] DEBUG: Flipped 0
[2026-03-18 23:15:51] DEBUG: UPath 1: 1 -> 6 -> 4
[2026-03-18 23:15:51] DEBUG: UPath 2: -5 -> -7 -> 3
[2026-03-18 23:15:51] DEBUG: Final graph contains 2 egdes
[2026-03-18 23:15:51] DEBUG: Extending contigs into repeats
[2026-03-18 23:15:51] DEBUG: Covered 0 repetitive contigs
[2026-03-18 23:15:51] INFO: Generated 2 contigs
[2026-03-18 23:15:51] DEBUG: Writing FASTA
[2026-03-18 23:15:51] DEBUG: Generating scaffold connections
[2026-03-18 23:15:51] INFO: Added 0 scaffold connections
[2026-03-18 23:15:51] DEBUG: Writing Dot
[2026-03-18 23:15:51] DEBUG: Writing FASTA
[2026-03-18 23:15:51] DEBUG: Writing Gfa
[2026-03-18 23:15:51] DEBUG: Peak RAM usage: 0 Gb
-----------End assembly log------------
[2026-03-18 23:15:52] root: INFO: >>>STAGE: polishing
[2026-03-18 23:15:52] root: INFO: Polishing genome (1/1)
[2026-03-18 23:15:52] root: INFO: Running minimap2
[2026-03-18 23:16:07] root: INFO: Separating alignment into bubbles
[2026-03-18 23:16:40] root: DEBUG: Generated 6283 bubbles
[2026-03-18 23:16:40] root: DEBUG: Split 0 long bubbles
[2026-03-18 23:16:40] root: DEBUG: Skipped 0 empty bubbles
[2026-03-18 23:16:40] root: DEBUG: Skipped 0 bubbles with long branches
[2026-03-18 23:16:40] root: INFO: Alignment error rate: 0.055955
[2026-03-18 23:16:40] root: INFO: Correcting bubbles
[2026-03-18 23:16:41] root: DEBUG: Mean contig coverage: 421, selected threshold: 3
[2026-03-18 23:16:41] root: DEBUG: Filtered 0 contigs of total length 0
[2026-03-18 23:16:41] root: DEBUG: Generating polished GFA
[2026-03-18 23:16:41] root: DEBUG: 0 sequences remained unpolished
[2026-03-18 23:16:41] root: INFO: >>>STAGE: finalize
[2026-03-18 23:16:41] root: DEBUG: ---Output dir contents:----
[2026-03-18 23:16:41] root: DEBUG: PATH/
[2026-03-18 23:16:41] root: DEBUG:     31.0 K      flye.log
[2026-03-18 23:16:41] root: DEBUG:     92.0 B      params.json
[2026-03-18 23:16:41] root: DEBUG:     656.0 B     assembly_graph.gv
[2026-03-18 23:16:41] root: DEBUG:     89.0 K      assembly_graph.gfa
[2026-03-18 23:16:41] root: DEBUG:     91.0 K      assembly.fasta
[2026-03-18 23:16:41] root: DEBUG:     00-assembly/
[2026-03-18 23:16:41] root: DEBUG:         90.0 K      draft_assembly.fasta
[2026-03-18 23:16:41] root: DEBUG:         59.0 B      draft_assembly.fasta.fai
[2026-03-18 23:16:41] root: DEBUG:     10-consensus/
[2026-03-18 23:16:41] root: DEBUG:         996.0 B     minimap.stderr
[2026-03-18 23:16:41] root: DEBUG:         1.0 K       minimap.bam.csi
[2026-03-18 23:16:41] root: DEBUG:         91.0 K      consensus.fasta
[2026-03-18 23:16:41] root: DEBUG:     20-repeat/
[2026-03-18 23:16:41] root: DEBUG:         1.0 K       graph_before_rr.gv
[2026-03-18 23:16:41] root: DEBUG:         89.0 K      graph_before_rr.fasta
[2026-03-18 23:16:41] root: DEBUG:         88.0 K      graph_before_rr.gfa
[2026-03-18 23:16:41] root: DEBUG:         1.0 K       graph_after_rr.gv
[2026-03-18 23:16:41] root: DEBUG:         1.0 K       repeat_graph_dump
[2026-03-18 23:16:41] root: DEBUG:         838.0 K     read_alignment_dump
[2026-03-18 23:16:41] root: DEBUG:         93.0 K      repeat_graph_edges.fasta
[2026-03-18 23:16:41] root: DEBUG:     30-contigger/
[2026-03-18 23:16:41] root: DEBUG:         90.0 K      contigs.fasta
[2026-03-18 23:16:41] root: DEBUG:         144.0 B     contigs_stats.txt
[2026-03-18 23:16:41] root: DEBUG:         0.0 B       scaffolds_links.txt
[2026-03-18 23:16:41] root: DEBUG:         656.0 B     graph_final.gv
[2026-03-18 23:16:41] root: DEBUG:         90.0 K      graph_final.fasta
[2026-03-18 23:16:41] root: DEBUG:         89.0 K      graph_final.gfa
[2026-03-18 23:16:41] root: DEBUG:         51.0 B      contigs.fasta.fai
[2026-03-18 23:16:41] root: DEBUG:     40-polishing/
[2026-03-18 23:16:41] root: DEBUG:         941.0 B     minimap.stderr
[2026-03-18 23:16:41] root: DEBUG:         1.0 K       minimap_1.bam.csi
[2026-03-18 23:16:41] root: DEBUG:         63.0 B      contigs_stats.txt
[2026-03-18 23:16:41] root: DEBUG:         29.0 K      base_coverage.bed.gz
[2026-03-18 23:16:41] root: DEBUG:         91.0 K      filtered_contigs.fasta
[2026-03-18 23:16:41] root: DEBUG:         63.0 B      filtered_stats.txt
[2026-03-18 23:16:41] root: DEBUG:         51.0 B      filtered_contigs.fasta.fai
[2026-03-18 23:16:41] root: DEBUG:         111.0 B     edges_aln.bam.csi
[2026-03-18 23:16:41] root: DEBUG:         89.0 K      polished_edges.gfa
[2026-03-18 23:16:41] root: DEBUG: --------------------------
[2026-03-18 23:16:41] root: INFO: Assembly statistics:

	Total length:	91737
	Fragments:	2
	Fragments N50:	47452
	Largest frg:	47452
	Scaffolds:	0
	Mean coverage:	421

[2026-03-18 23:16:41] root: INFO: Final assembly: /sciclone/home/pgupta03/SUPERCOMPUTING/assignments/assignment_06/PATH/assembly.fasta
