--2026-03-17 10:36:01--  https://zenodo.org/records/15733378/files/ecoli_and_lambda.tar
Resolving zenodo.org (zenodo.org)... 188.185.43.153, 188.184.103.118, 188.184.98.114, ...
Connecting to zenodo.org (zenodo.org)|188.185.43.153|:443... connected.
HTTP request sent, awaiting response... 200 OK
Length: 8632320 (8.2M) [application/octet-stream]
Saving to: ‘ecoli_and_lambda.tar’

     0K .......... .......... .......... .......... ..........  0%  261K 32s
    50K .......... .......... .......... .......... ..........  1%  524K 24s
   100K .......... .......... .......... .......... ..........  1%  133M 16s
   150K .......... .......... .......... .......... ..........  2%  527K 16s
   200K .......... .......... .......... .......... ..........  2%  134M 13s
   250K .......... .......... .......... .......... ..........  3%  105M 10s
   300K .......... .......... .......... .......... ..........  4%  127M 9s
   350K .......... .......... .......... .......... ..........  4%  102M 8s
   400K .......... .......... .......... .......... ..........  5%  524K 9s
   450K .......... .......... .......... .......... ..........  5%  106M 8s
   500K .......... .......... .......... .......... ..........  6%  117M 7s
   550K .......... .......... .......... .......... ..........  7%  129M 6s
   600K .......... .......... .......... .......... ..........  7%  116M 6s
   650K .......... .......... .......... .......... ..........  8%  106M 5s
   700K .......... .......... .......... .......... ..........  8% 96.3M 5s
   750K .......... .......... .......... .......... ..........  9%  113M 5s
   800K .......... .......... .......... .......... .......... 10%  103M 4s
   850K .......... .......... .......... .......... .......... 10%  538K 5s
   900K .......... .......... .......... .......... .......... 11%  129M 5s
   950K .......... .......... .......... .......... .......... 11% 96.1M 4s
  1000K .......... .......... .......... .......... .......... 12% 95.3M 4s
  1050K .......... .......... .......... .......... .......... 13% 74.6M 4s
  1100K .......... .......... .......... .......... .......... 13%  125M 4s
  1150K .......... .......... .......... .......... .......... 14%  113M 3s
  1200K .......... .......... .......... .......... .......... 14%  132M 3s
  1250K .......... .......... .......... .......... .......... 15%  109M 3s
  1300K .......... .......... .......... .......... .......... 16%  113M 3s
  1350K .......... .......... .......... .......... .......... 16%  104M 3s
  1400K .......... .......... .......... .......... .......... 17%  148M 3s
  1450K .......... .......... .......... .......... .......... 17% 81.7M 3s
  1500K .......... .......... .......... .......... .......... 18%  132M 3s
  1550K .......... .......... .......... .......... .......... 18%  114M 2s
  1600K .......... .......... .......... .......... .......... 19%  560K 3s
  1650K .......... .......... .......... .......... .......... 20%  112M 3s
  1700K .......... .......... .......... .......... .......... 20%  113M 3s
  1750K .......... .......... .......... .......... .......... 21%  111M 2s
  1800K .......... .......... .......... .......... .......... 21% 89.7M 2s
  1850K .......... .......... .......... .......... .......... 22%  112M 2s
  1900K .......... .......... .......... .......... .......... 23%  142M 2s
  1950K .......... .......... .......... .......... .......... 23%  113M 2s
  2000K .......... .......... .......... .......... .......... 24%  108M 2s
  2050K .......... .......... .......... .......... .......... 24%  113M 2s
  2100K .......... .......... .......... .......... .......... 25%  105M 2s
  2150K .......... .......... .......... .......... .......... 26%  133M 2s
  2200K .......... .......... .......... .......... .......... 26% 96.7M 2s
  2250K .......... .......... .......... .......... .......... 27%  108M 2s
  2300K .......... .......... .......... .......... .......... 27%  120M 2s
  2350K .......... .......... .......... .......... .......... 28%  113M 2s
  2400K .......... .......... .......... .......... .......... 29%  108M 2s
  2450K .......... .......... .......... .......... .......... 29%  134M 2s
  2500K .......... .......... .......... .......... .......... 30%  114M 2s
  2550K .......... .......... .......... .......... .......... 30%  112M 2s
  2600K .......... .......... .......... .......... .......... 31% 91.3M 1s
  2650K .......... .......... .......... .......... .......... 32%  114M 1s
  2700K .......... .......... .......... .......... .......... 32%  104M 1s
  2750K .......... .......... .......... .......... .......... 33%  139M 1s
  2800K .......... .......... .......... .......... .......... 33%  113M 1s
  2850K .......... .......... .......... .......... .......... 34%  114M 1s
  2900K .......... .......... .......... .......... .......... 34%  113M 1s
  2950K .......... .......... .......... .......... .......... 35% 91.9M 1s
  3000K .......... .......... .......... .......... .......... 36%  113M 1s
  3050K .......... .......... .......... .......... .......... 36%  133M 1s
  3100K .......... .......... .......... .......... .......... 37%  113M 1s
  3150K .......... .......... .......... .......... .......... 37%  109M 1s
  3200K .......... .......... .......... .......... .......... 38% 1.42M 1s
  3250K .......... .......... .......... .......... .......... 39% 1.03M 1s
  3300K .......... .......... .......... .......... .......... 39%  114M 1s
  3350K .......... .......... .......... .......... .......... 40% 86.8M 1s
  3400K .......... .......... .......... .......... .......... 40%  143M 1s
  3450K .......... .......... .......... .......... .......... 41%  113M 1s
  3500K .......... .......... .......... .......... .......... 42%  114M 1s
  3550K .......... .......... .......... .......... .......... 42% 98.6M 1s
  3600K .......... .......... .......... .......... .......... 43%  127M 1s
  3650K .......... .......... .......... .......... .......... 43%  131M 1s
  3700K .......... .......... .......... .......... .......... 44%  114M 1s
  3750K .......... .......... .......... .......... .......... 45% 91.2M 1s
  3800K .......... .......... .......... .......... .......... 45%  103M 1s
  3850K .......... .......... .......... .......... .......... 46%  126M 1s
  3900K .......... .......... .......... .......... .......... 46%  108M 1s
  3950K .......... .......... .......... .......... .......... 47%  133M 1s
  4000K .......... .......... .......... .......... .......... 48%  114M 1s
  4050K .......... .......... .......... .......... .......... 48%  111M 1s
  4100K .......... .......... .......... .......... .......... 49%  123M 1s
  4150K .......... .......... .......... .......... .......... 49% 90.4M 1s
  4200K .......... .......... .......... .......... .......... 50%  126M 1s
  4250K .......... .......... .......... .......... .......... 51%  128M 1s
  4300K .......... .......... .......... .......... .......... 51% 96.8M 1s
  4350K .......... .......... .......... .......... .......... 52%  104M 1s
  4400K .......... .......... .......... .......... .......... 52%  113M 1s
  4450K .......... .......... .......... .......... .......... 53%  126M 1s
  4500K .......... .......... .......... .......... .......... 53%  114M 1s
  4550K .......... .......... .......... .......... .......... 54%  105M 1s
  4600K .......... .......... .......... .......... .......... 55% 97.2M 1s
  4650K .......... .......... .......... .......... .......... 55%  113M 1s
  4700K .......... .......... .......... .......... .......... 56%  504K 1s
  4750K .......... .......... .......... .......... .......... 56%  127M 1s
  4800K .......... .......... .......... .......... .......... 57%  293M 1s
  4850K .......... .......... .......... .......... .......... 58%  161M 1s
  4900K .......... .......... .......... .......... .......... 58%  195M 1s
  4950K .......... .......... .......... .......... .......... 59%  195M 1s
  5000K .......... .......... .......... .......... .......... 59%  315M 1s
  5050K .......... .......... .......... .......... .......... 60%  208M 1s
  5100K .......... .......... .......... .......... .......... 61%  158M 1s
  5150K .......... .......... .......... .......... .......... 61%  313M 1s
  5200K .......... .......... .......... .......... .......... 62%  315M 1s
  5250K .......... .......... .......... .......... .......... 62%  171M 1s
  5300K .......... .......... .......... .......... .......... 63%  275M 1s
  5350K .......... .......... .......... .......... .......... 64%  298M 0s
  5400K .......... .......... .......... .......... .......... 64%  307M 0s
  5450K .......... .......... .......... .......... .......... 65%  273M 0s
  5500K .......... .......... .......... .......... .......... 65%  320M 0s
  5550K .......... .......... .......... .......... .......... 66%  320M 0s
  5600K .......... .......... .......... .......... .......... 67%  254M 0s
  5650K .......... .......... .......... .......... .......... 67%  285M 0s
  5700K .......... .......... .......... .......... .......... 68%  269M 0s
  5750K .......... .......... .......... .......... .......... 68%  308M 0s
  5800K .......... .......... .......... .......... .......... 69%  286M 0s
  5850K .......... .......... .......... .......... .......... 69%  292M 0s
  5900K .......... .......... .......... .......... .......... 70%  321M 0s
  5950K .......... .......... .......... .......... .......... 71%  310M 0s
  6000K .......... .......... .......... .......... .......... 71%  202M 0s
  6050K .......... .......... .......... .......... .......... 72%  264M 0s
  6100K .......... .......... .......... .......... .......... 72%  299M 0s
  6150K .......... .......... .......... .......... .......... 73%  308M 0s
  6200K .......... .......... .......... .......... .......... 74%  288M 0s
  6250K .......... .......... .......... .......... .......... 74% 1.66M 0s
  6300K .......... .......... .......... .......... .......... 75%  298M 0s
  6350K .......... .......... .......... .......... .......... 75%  302M 0s
  6400K .......... .......... .......... .......... .......... 76%  268M 0s
  6450K .......... .......... .......... .......... .......... 77%  325M 0s
  6500K .......... .......... .......... .......... .......... 77%  307M 0s
  6550K .......... .......... .......... .......... .......... 78%  324M 0s
  6600K .......... .......... .......... .......... .......... 78%  278M 0s
  6650K .......... .......... .......... .......... .......... 79%  326M 0s
  6700K .......... .......... .......... .......... .......... 80%  329M 0s
  6750K .......... .......... .......... .......... .......... 80%  269M 0s
  6800K .......... .......... .......... .......... .......... 81%  324M 0s
  6850K .......... .......... .......... .......... .......... 81%  304M 0s
  6900K .......... .......... .......... .......... .......... 82%  308M 0s
  6950K .......... .......... .......... .......... .......... 83%  291M 0s
  7000K .......... .......... .......... .......... .......... 83%  313M 0s
  7050K .......... .......... .......... .......... .......... 84%  316M 0s
  7100K .......... .......... .......... .......... .......... 84%  312M 0s
  7150K .......... .......... .......... .......... .......... 85%  253M 0s
  7200K .......... .......... .......... .......... .......... 86%  324M 0s
  7250K .......... .......... .......... .......... .......... 86%  321M 0s
  7300K .......... .......... .......... .......... .......... 87%  328M 0s
  7350K .......... .......... .......... .......... .......... 87%  286M 0s
  7400K .......... .......... .......... .......... .......... 88%  311M 0s
  7450K .......... .......... .......... .......... .......... 88%  313M 0s
  7500K .......... .......... .......... .......... .......... 89%  302M 0s
  7550K .......... .......... .......... .......... .......... 90%  270M 0s
  7600K .......... .......... .......... .......... .......... 90%  302M 0s
  7650K .......... .......... .......... .......... .......... 91%  310M 0s
  7700K .......... .......... .......... .......... .......... 91%  293M 0s
  7750K .......... .......... .......... .......... .......... 92%  297M 0s
  7800K .......... .......... .......... .......... .......... 93%  821K 0s
  7850K .......... .......... .......... .......... .......... 93%  119M 0s
  7900K .......... .......... .......... .......... .......... 94% 89.2M 0s
  7950K .......... .......... .......... .......... .......... 94%  112M 0s
  8000K .......... .......... .......... .......... .......... 95%  113M 0s
  8050K .......... .......... .......... .......... .......... 96%  123M 0s
  8100K .......... .......... .......... .......... .......... 96%  109M 0s
  8150K .......... .......... .......... .......... .......... 97%  113M 0s
  8200K .......... .......... .......... .......... .......... 97% 1.83M 0s
  8250K .......... .......... .......... .......... .......... 98%  106M 0s
  8300K .......... .......... .......... .......... .......... 99% 88.8M 0s
  8350K .......... .......... .......... .......... .......... 99%  131M 0s
  8400K .......... .......... ..........                      100%  151M=1.0s

2026-03-17 10:36:02 (8.14 MB/s) - ‘ecoli_and_lambda.tar’ saved [8632320/8632320]

java -ea  --add-modules jdk.incubator.vector -Xmx109690m -Xms109690m -cp /sciclone/home/pgupta03/.conda/envs/bbmap-env/opt/bbmap-39.79-0/bbtools.jar align2.BBMap build=1 overwrite=true fastareadlen=500 ref=ecoli_bl21de3.fasta in=lambda_reads.fastq out=mapping.sam nodisk=t ambiguous=best minid=0.9 threads=2
WARNING: Using incubator modules: jdk.incubator.vector
Executing align2.BBMap [build=1, overwrite=true, fastareadlen=500, ref=ecoli_bl21de3.fasta, in=lambda_reads.fastq, out=mapping.sam, nodisk=t, ambiguous=best, minid=0.9, threads=2]
Version 39.79

Set threads to 2
Retaining first best site only for ambiguous mappings.
Set MINIMUM_ALIGNMENT_SCORE_RATIO to 0.816
Executing dna.FastaToChromArrays2 [ecoli_bl21de3.fasta, 1, writeinthread=false, genscaffoldinfo=true, retain, waitforwriting=false, gz=true, maxlen=536670912, writechroms=false, minscaf=1, midpad=300, startpad=8000, stoppad=8000, nodisk=true]

Set genScaffoldInfo=true
Set genome to 1

Loaded Reference:	0.002 seconds.
Loading index for chunk 1-1, build 1
Indexing threads started for block 0-1
Indexing threads finished for block 0-1
Generated Index:	0.532 seconds.
Analyzed Index:   	2.619 seconds.
Started output stream:	0.033 seconds.
Cleared Memory:    	0.159 seconds.
Processing reads in single-ended mode.
Started read stream.
Started 2 mapping threads.
Detecting finished threads: 0, 1

   ------------------   Results   ------------------   

Genome:                	1
Key Length:            	13
Max Indel:             	16000
Minimum Score Ratio:  	0.8162
Mapping Mode:         	normal
Reads Used:           	10000	(1502980 bases)

Mapping:          	1.470 seconds.
Reads/sec:       	6804.94
kBases/sec:      	1022.77


Read 1 data:      	pct reads	num reads 	pct bases	   num bases

mapped:          	 73.9100% 	     7391 	 73.8730% 	     1110296
unambiguous:     	 73.3400% 	     7334 	 73.3881% 	     1103008
ambiguous:       	  0.5700% 	       57 	  0.4849% 	        7288
low-Q discards:  	  0.0000% 	        0 	  0.0000% 	           0

perfect best site:	 47.8200% 	     4782 	 46.8839% 	      704656
semiperfect site:	 47.8200% 	     4782 	 46.8839% 	      704656

Match Rate:      	      NA 	       NA 	 89.9328% 	     1106747
Error Rate:      	 34.4923% 	     2609 	 10.0672% 	      123891
Sub Rate:        	 33.7520% 	     2553 	  0.2853% 	        3511
Del Rate:        	  0.8461% 	       64 	  9.7788% 	      120342
Ins Rate:        	  0.4627% 	       35 	  0.0031% 	          38
N Rate:          	  0.0000% 	        0 	  0.0000% 	           0

Total time:     	5.122 seconds.
